[21:41:59] [ServerMain/INFO]: [bootstrap] Running Java 21 (OpenJDK 64-Bit Server VM 21.0.8+9; Arch Linux null) on Linux 6.14.6-arch1-1 (amd64)
[21:41:59] [ServerMain/INFO]: [bootstrap] Loading Paper 1.21.8-32-main@f0c1f85 (2025-08-14T17:02:35Z) for Minecraft 1.21.8
[21:42:00] [ServerMain/INFO]: [PluginInitializerManager] Initializing plugins...
[21:42:01] [ServerMain/INFO]: [PluginInitializerManager] Initialized 0 plugins
[21:42:17] [ServerMain/INFO]: Environment: Environment[sessionHost=https://sessionserver.mojang.com, servicesHost=https://api.minecraftservices.com, name=PROD]
[21:42:25] [ServerMain/INFO]: Loaded 1407 recipes
[21:42:25] [ServerMain/INFO]: Loaded 1520 advancements
[21:42:27] [ServerMain/INFO]: [ca.spottedleaf.dataconverter.minecraft.datatypes.MCTypeRegistry] Initialising converters for DataConverter...
[21:42:28] [ServerMain/INFO]: [ca.spottedleaf.dataconverter.minecraft.datatypes.MCTypeRegistry] Finished initialising converters for DataConverter in 1,178.7ms
[21:42:28] [Server thread/INFO]: Starting minecraft server version 1.21.8
[21:42:28] [Server thread/WARN]: ****************************
[21:42:28] [Server thread/WARN]: YOU ARE RUNNING THIS SERVER AS AN ADMINISTRATIVE OR ROOT USER. THIS IS NOT ADVISED.
[21:42:28] [Server thread/WARN]: YOU ARE OPENING YOURSELF UP TO POTENTIAL RISKS WHEN DOING THIS.
[21:42:28] [Server thread/WARN]: FOR MORE INFORMATION, SEE https://madelinemiller.dev/blog/root-minecraft-server/
[21:42:28] [Server thread/WARN]: ****************************
[21:42:28] [Server thread/INFO]: Loading properties
[21:42:28] [Server thread/INFO]: This server is running Paper version 1.21.8-32-main@f0c1f85 (2025-08-14T17:02:35Z) (Implementing API version 1.21.8-R0.1-SNAPSHOT)
[21:42:29] [Server thread/INFO]: [spark] This server bundles the spark profiler. For more information please visit https://docs.papermc.io/paper/profiling
[21:42:29] [Server thread/INFO]: Server Ping Player Sample Count: 12
[21:42:29] [Server thread/INFO]: Using 4 threads for Netty based IO
[21:42:31] [Server thread/INFO]: [MoonriseCommon] Paper is using 1 worker threads, 1 I/O threads
[21:42:31] [Server thread/INFO]: [ChunkTaskScheduler] Chunk system is using population gen parallelism: true
[21:42:32] [Server thread/INFO]: Default game type: SURVIVAL
[21:42:32] [Server thread/INFO]: Generating keypair
[21:42:32] [Server thread/INFO]: Starting Minecraft server on *:42042
[21:42:33] [Server thread/INFO]: Using epoll channel type
[21:42:33] [Server thread/INFO]: Paper: Using libdeflate (Linux x86_64) compression from Velocity.
[21:42:33] [Server thread/INFO]: Paper: Using OpenSSL 3.x.x (Linux x86_64) cipher from Velocity.
[21:42:33] [Server thread/INFO]: Server permissions file permissions.yml is empty, ignoring it
[21:42:33] [Server thread/WARN]: **** SERVER IS RUNNING IN OFFLINE/INSECURE MODE!
[21:42:33] [Server thread/WARN]: The server will make no attempt to authenticate usernames. Beware.
[21:42:33] [Server thread/WARN]: While this makes the game possible to play without internet access, it also opens up the ability for hackers to connect with any username they choose.
[21:42:33] [Server thread/WARN]: To change this, set "online-mode" to "true" in the server.properties file.
[21:42:33] [Server thread/INFO]: Preparing level "world"
[21:42:35] [Server thread/INFO]: Preparing start region for dimension minecraft:overworld
[21:42:36] [Server thread/INFO]: Preparing spawn area: 0%
[21:42:36] [Server thread/INFO]: Preparing spawn area: 0%
[21:42:36] [Server thread/INFO]: Preparing spawn area: 2%
[21:42:37] [Server thread/INFO]: Preparing spawn area: 2%
[21:42:39] [Server thread/INFO]: Preparing spawn area: 8%
[21:42:39] [Server thread/INFO]: Preparing spawn area: 8%
[21:42:39] [Server thread/INFO]: Preparing spawn area: 8%
[21:42:39] [Server thread/INFO]: Preparing spawn area: 8%
[21:42:39] [Server thread/INFO]: Preparing spawn area: 8%
[21:42:39] [Server thread/INFO]: Time elapsed: 4174 ms
[21:42:39] [Server thread/INFO]: Preparing start region for dimension minecraft:the_nether
[21:42:40] [Server thread/INFO]: Preparing spawn area: 0%
[21:42:40] [Server thread/INFO]: Preparing spawn area: 0%
[21:42:40] [Server thread/INFO]: Preparing spawn area: 8%
[21:42:41] [Server thread/INFO]: Preparing spawn area: 30%
[21:42:41] [Server thread/WARN]: [ca.spottedleaf.moonrise.patches.chunk_system.level.entity.EntityLookup] Entity uuid already exists: a3defb1d-8086-45e1-bd08-b1512ee9575b, mapped to MinecartHopper['Minecart with Hopper'/55, uuid='a3defb1d-8086-45e1-bd08-b1512ee9575b', l='ServerLevel[world]', x=-944.61, y=65.06, z=-233.50, cpos=[-60, -15], tl=0, v=true], can't add MinecartHopper['Minecart with Hopper'/65, uuid='a3defb1d-8086-45e1-bd08-b1512ee9575b', l='ServerLevel[world]', x=-938.50, y=68.06, z=-232.41, cpos=[-59, -15], tl=0, v=false]
[21:42:41] [Server thread/INFO]: Preparing spawn area: 36%
[21:42:42] [Server thread/INFO]: Time elapsed: 2521 ms
[21:42:42] [Server thread/INFO]: Preparing start region for dimension minecraft:the_end
[21:42:42] [Server thread/INFO]: Preparing spawn area: 0%
[21:42:42] [Server thread/INFO]: Preparing spawn area: 32%
[21:42:42] [Server thread/INFO]: Time elapsed: 756 ms
[21:42:43] [Server thread/INFO]: [spark] Starting background profiler...
[21:42:45] [Server thread/INFO]: Done preparing level "world" (11.802s)
[21:42:45] [Server thread/INFO]: Running delayed init tasks
[21:42:45] [Server thread/INFO]: Done (48.284s)! For help, type "help"
[21:42:48] [Server thread/WARN]: Can't keep up! Is the server overloaded? Running 2630ms or 52 ticks behind
[21:44:32] [Server thread/INFO]: Stopping server
[21:44:32] [Server thread/INFO]: Saving players
[21:44:32] [Server thread/INFO]: Saving worlds
[21:44:32] [Server thread/INFO]: Saving chunks for level 'ServerLevel[world]'/minecraft:overworld
[21:44:32] [Server thread/INFO]: [ChunkHolderManager] Waiting 60s for chunk system to halt for world 'world'
[21:44:32] [Server thread/INFO]: [ChunkHolderManager] Halted chunk system for world 'world'
[21:44:32] [Server thread/INFO]: [ChunkHolderManager] Saving all chunkholders for world 'world'
[21:44:33] [Server thread/INFO]: [ChunkHolderManager] Saved 98 block chunks, 98 entity chunks, 0 poi chunks in world 'world' in 1.28s
[21:44:33] [Server thread/INFO]: [ChunkHolderManager] Waiting 60s for chunk I/O to halt for world 'world'
[21:44:33] [Server thread/INFO]: [ChunkHolderManager] Halted I/O scheduler for world 'world'
[21:44:33] [Server thread/INFO]: Saving chunks for level 'ServerLevel[world_nether]'/minecraft:the_nether
[21:44:33] [Server thread/INFO]: [ChunkHolderManager] Waiting 60s for chunk system to halt for world 'world_nether'
[21:44:33] [Server thread/INFO]: [ChunkHolderManager] Halted chunk system for world 'world_nether'
[21:44:33] [Server thread/INFO]: [ChunkHolderManager] Saving all chunkholders for world 'world_nether'
